// Jest Snapshot v1, https://goo.gl/fbAQLP

exports[`Dropdown renders normal Dropdown correctly 1`] = `
<div>
  <span
    style="display:inline-block"
  >
    <button
      class="zw-button zw-button--default zw-button--md zw-button--radius"
      type="button"
    >
      <span>
        click
      </span>
    </button>
  </span>
</div>
`;
