// Jest Snapshot v1, https://goo.gl/fbAQLP

exports[`Tooltip renders normal Tooltip correctly 1`] = `
<div
  id="hello"
>
  Hello world!
</div>
`;
